Tropcc v1.3.4: full replay
Date: 2026-10-07T20:49Z  Machine: Apple M3, macOS 26.6.2
Command: python scripts/verify_all.py

Checking review_controls ...
PASS review_controls
Checking supports ...
PASS supports
Checking pair_symmetry ...
PASS pair_symmetry
Checking mass_symmetry ...
PASS mass_symmetry
Checking fan ...
PASS fan
Checking fan_soundness ...
PASS fan_soundness
Checking fan_structure ...
PASS fan_structure
Checking fan_completeness ...
PASS fan_completeness
Checking fan_second_solver ...
PASS fan_second_solver
Checking companion ...
PASS companion
Checking modular_stars ...
PASS modular_stars
Checking coverage ...
PASS coverage
Checking cone_accounting ...
PASS cone_accounting
Checking mass_denominators ...
PASS mass_denominators
Checking mass_factor_inventory ...
PASS mass_factor_inventory
ALL PASS: 16,340 excluded cones; 98 residual cones; 77 rays; exact positive pairings.
